Node: node09
Workdir: /home/xinye/hpc-mix-mlbench/papers
Python: /home/xinye/.conda/envs/pytorch_env/bin/python
Python 3.14.3
JOBS=6
======================================
Run experiments : true
Run plotting    : true
Run debug       : false
Parallel        : true
Jobs            : 6
======================================
Discovered 24 setting task(s).
Running setting tasks in parallel...
================================================
Benchmark folder : backprop
Task             : run_setting_1.py
Log              : logs/backprop/run_1.log
================================================
================================================
Benchmark folder : backprop
Task             : run_setting_2.py
Log              : logs/backprop/run_2.log
================================================
================================================
Benchmark folder : backprop
Task             : run_setting_3.py
Log              : logs/backprop/run_3.log
================================================
================================================
Benchmark folder : backprop
Task             : run_setting_4.py
Log              : logs/backprop/run_4.log
================================================
================================================
Benchmark folder : dense_lu
Task             : run_setting_1.py
Log              : logs/dense_lu/run_1.log
================================================
================================================
Benchmark folder : dense_lu
Task             : run_setting_2.py
Log              : logs/dense_lu/run_2.log
================================================
[FAILED] dense_lu / run_setting_2.py
[FAILED] backprop / run_setting_1.py
[FAILED] backprop / run_setting_2.py
[FAILED] backprop / run_setting_3.py
[FAILED] backprop / run_setting_4.py
[FAILED] dense_lu / run_setting_1.py
================================================
Benchmark folder : dense_lu
Task             : run_setting_3.py
Log              : logs/dense_lu/run_3.log
================================================
================================================
Benchmark folder : hotspot
Task             : run_setting_1.py
Log              : logs/hotspot/run_1.log
================================================
================================================
Benchmark folder : dense_lu
Task             : run_setting_4.py
Log              : logs/dense_lu/run_4.log
================================================
================================================
Benchmark folder : hotspot
Task             : run_setting_2.py
Log              : logs/hotspot/run_2.log
================================================
================================================
Benchmark folder : hotspot
Task             : run_setting_3.py
Log              : logs/hotspot/run_3.log
================================================
================================================
Benchmark folder : hotspot
Task             : run_setting_4.py
Log              : logs/hotspot/run_4.log
================================================
[FAILED] dense_lu / run_setting_3.py
================================================
Benchmark folder : particle_filter
Task             : run_setting_1.py
Log              : logs/particle_filter/run_1.log
================================================
[FAILED] hotspot / run_setting_4.py
================================================
Benchmark folder : particle_filter
Task             : run_setting_2.py
Log              : logs/particle_filter/run_2.log
================================================
[FAILED] dense_lu / run_setting_4.py
================================================
Benchmark folder : particle_filter
Task             : run_setting_3.py
Log              : logs/particle_filter/run_3.log
================================================
[FAILED] hotspot / run_setting_2.py
================================================
Benchmark folder : particle_filter
Task             : run_setting_4.py
Log              : logs/particle_filter/run_4.log
================================================
[FAILED] hotspot / run_setting_1.py
================================================
Benchmark folder : sparse_lu
Task             : run_setting_1.py
Log              : logs/sparse_lu/run_1.log
================================================
[FAILED] hotspot / run_setting_3.py
================================================
Benchmark folder : sparse_lu
Task             : run_setting_2.py
Log              : logs/sparse_lu/run_2.log
================================================
[FAILED] particle_filter / run_setting_1.py
================================================
Benchmark folder : sparse_lu
Task             : run_setting_3.py
Log              : logs/sparse_lu/run_3.log
================================================
[FAILED] particle_filter / run_setting_2.py
================================================
Benchmark folder : sparse_lu
Task             : run_setting_4.py
Log              : logs/sparse_lu/run_4.log
================================================
[FAILED] particle_filter / run_setting_3.py
================================================
Benchmark folder : srad_v2
Task             : run_setting_1.py
Log              : logs/srad_v2/run_1.log
================================================
[FAILED] sparse_lu / run_setting_1.py
[FAILED] particle_filter / run_setting_4.py
================================================
Benchmark folder : srad_v2
Task             : run_setting_2.py
Log              : logs/srad_v2/run_2.log
================================================
================================================
Benchmark folder : srad_v2
Task             : run_setting_3.py
Log              : logs/srad_v2/run_3.log
================================================
[FAILED] sparse_lu / run_setting_2.py
================================================
Benchmark folder : srad_v2
Task             : run_setting_4.py
Log              : logs/srad_v2/run_4.log
================================================
[FAILED] sparse_lu / run_setting_4.py
[FAILED] sparse_lu / run_setting_3.py
[FAILED] srad_v2 / run_setting_3.py
[FAILED] srad_v2 / run_setting_1.py
[FAILED] srad_v2 / run_setting_4.py
[FAILED] srad_v2 / run_setting_2.py
