Node: node05
Workdir: /home/xinye/hpc-mix-mlbench/papers
Python: /software/python/anaconda3/bin/python
Python 3.12.11
cadnaPromise OK
JOBS=6
======================================
Run experiments : false
Run plotting    : false
Run debug       : true
Parallel        : true
Jobs            : 6
======================================
Setting phase skipped.
Discovered 6 debug folder(s).
Running debug folders in parallel, one debug at a time per folder...
------------------------------------------------
Debug folder     : dense_lu
Mode             : folder-level parallel, in-folder sequential
------------------------------------------------
[RUN-DEBUG] dense_lu / run_debug_1.sh
------------------------------------------------
Debug folder     : hotspot
Mode             : folder-level parallel, in-folder sequential
------------------------------------------------
[RUN-DEBUG] hotspot / run_debug_1.sh
------------------------------------------------
Debug folder     : backprop
Mode             : folder-level parallel, in-folder sequential
------------------------------------------------
[RUN-DEBUG] backprop / run_debug_1.sh
------------------------------------------------
Debug folder     : particle_filter
Mode             : folder-level parallel, in-folder sequential
------------------------------------------------
[RUN-DEBUG] particle_filter / run_debug_1.sh
------------------------------------------------
Debug folder     : sparse_lu
Mode             : folder-level parallel, in-folder sequential
------------------------------------------------
[RUN-DEBUG] sparse_lu / run_debug_1.sh
------------------------------------------------
Debug folder     : srad_v2/
Mode             : folder-level parallel, in-folder sequential
------------------------------------------------
[RUN-DEBUG] srad_v2/ / run_debug_1.sh
[DONE-DEBUG] backprop / run_debug_1.sh
[RUN-DEBUG] backprop / run_debug_2.sh
[DONE-DEBUG] hotspot / run_debug_1.sh
[RUN-DEBUG] hotspot / run_debug_2.sh
[DONE-DEBUG] sparse_lu / run_debug_1.sh
[RUN-DEBUG] sparse_lu / run_debug_2.sh
[DONE-DEBUG] backprop / run_debug_2.sh
[RUN-DEBUG] backprop / run_debug_3.sh
[DONE-DEBUG] dense_lu / run_debug_1.sh
[RUN-DEBUG] dense_lu / run_debug_2.sh
[DONE-DEBUG] hotspot / run_debug_2.sh
[RUN-DEBUG] hotspot / run_debug_3.sh
[DONE-DEBUG] backprop / run_debug_3.sh
[RUN-DEBUG] backprop / run_debug_4.sh
[DONE-DEBUG] sparse_lu / run_debug_2.sh
[RUN-DEBUG] sparse_lu / run_debug_3.sh
[DONE-DEBUG] particle_filter / run_debug_1.sh
[RUN-DEBUG] particle_filter / run_debug_2.sh
[DONE-DEBUG] backprop / run_debug_4.sh
[DONE-DEBUG] hotspot / run_debug_3.sh
[RUN-DEBUG] hotspot / run_debug_4.sh
[DONE-DEBUG] sparse_lu / run_debug_3.sh
[RUN-DEBUG] sparse_lu / run_debug_4.sh
[DONE-DEBUG] hotspot / run_debug_4.sh
[DONE-DEBUG] dense_lu / run_debug_2.sh
[RUN-DEBUG] dense_lu / run_debug_3.sh
[DONE-DEBUG] srad_v2/ / run_debug_1.sh
[RUN-DEBUG] srad_v2/ / run_debug_2.sh
[DONE-DEBUG] sparse_lu / run_debug_4.sh
[DONE-DEBUG] particle_filter / run_debug_2.sh
[RUN-DEBUG] particle_filter / run_debug_3.sh
[DONE-DEBUG] dense_lu / run_debug_3.sh
[RUN-DEBUG] dense_lu / run_debug_4.sh
[DONE-DEBUG] particle_filter / run_debug_3.sh
[RUN-DEBUG] particle_filter / run_debug_4.sh
[DONE-DEBUG] dense_lu / run_debug_4.sh
[DONE-DEBUG] srad_v2/ / run_debug_2.sh
[RUN-DEBUG] srad_v2/ / run_debug_3.sh
[DONE-DEBUG] particle_filter / run_debug_4.sh
[DONE-DEBUG] srad_v2/ / run_debug_3.sh
[RUN-DEBUG] srad_v2/ / run_debug_4.sh
[DONE-DEBUG] srad_v2/ / run_debug_4.sh
======================================
All benchmark tasks finished.
Logs in ./logs/
Started at      : 2026-04-28 19:19:19
Finished at     : 2026-04-29 02:43:00
Total elapsed   : 7h 23m 41s
======================================
