Node: node09
Workdir: /home/xinye/hpc-mix-mlbench/papers
Python: /software/python/anaconda3/bin/python
Python 3.12.11
cadnaPromise OK
JOBS=6
======================================
Run experiments : false
Run plotting    : false
Run debug       : true
Parallel        : true
Jobs            : 6
======================================
Setting phase skipped.
Discovered 6 debug folder(s).
Running debug folders in parallel, one debug at a time per folder...
------------------------------------------------
Debug folder     : backprop
Mode             : folder-level parallel, in-folder sequential
------------------------------------------------
[RUN-DEBUG] backprop / run_debug_1.sh
------------------------------------------------
Debug folder     : particle_filter
Mode             : folder-level parallel, in-folder sequential
------------------------------------------------
------------------------------------------------
Debug folder     : dense_lu
Mode             : folder-level parallel, in-folder sequential
------------------------------------------------
[RUN-DEBUG] particle_filter / run_debug_1.sh
[RUN-DEBUG] dense_lu / run_debug_1.sh
------------------------------------------------
Debug folder     : hotspot
Mode             : folder-level parallel, in-folder sequential
------------------------------------------------
------------------------------------------------
Debug folder     : sparse_lu
Mode             : folder-level parallel, in-folder sequential
------------------------------------------------
[RUN-DEBUG] hotspot / run_debug_1.sh
[RUN-DEBUG] sparse_lu / run_debug_1.sh
------------------------------------------------
Debug folder     : srad_v2/
Mode             : folder-level parallel, in-folder sequential
------------------------------------------------
[RUN-DEBUG] srad_v2/ / run_debug_1.sh
